// Jest Snapshot v1, https://goo.gl/fbAQLP

exports[`<Beer /> renders correctly 1`] = `
<View
  accessible={true}
  isTVSelectable={true}
  onResponderGrant={[Function]}
  onResponderMove={[Function]}
  onResponderRelease={[Function]}
  onResponderTerminate={[Function]}
  onResponderTerminationRequest={[Function]}
  onStartShouldSetResponder={[Function]}
  style={
    Object {
      "opacity": 1,
    }
  }
>
  <View
    style={
      Object {
        "backgroundColor": "transparent",
      }
    }
  >
    <Image
      source={
        Object {
          "uri": "URL",
        }
      }
      style={
        Object {
          "height": 100,
          "resizeMode": "cover",
          "width": 100,
        }
      }
    />
    <Text>
      Ipa
    </Text>
  </View>
</View>
`;
